// Vitest Snapshot v1, https://vitest.dev/guide/snapshot.html

exports[`App > Renders 1`] = `
{
  "asFragment": [Function],
  "baseElement": <body>
    <div>
      <div
        style="display: flex; flex-direction: column; align-items: center; justify-content: center; border: 1px solid white;"
      >
        <h1
          data-testid="count display"
        >
          Count: 
          0
        </h1>
        <div
          style="display: flex;"
        >
          <button>
            Increment Count
          </button>
          <button>
            Decrement Count
          </button>
        </div>
      </div>
      <div
        style="display: flex; flex-direction: column; align-items: center; justify-content: center; border: 1px solid white;"
      >
        <h1
          data-testid="count2 display"
        >
          Count2: 
          0
        </h1>
        <div
          style="display: flex;"
        >
          <button>
            Increment Count2
          </button>
          <button>
            Decrement Count2
          </button>
        </div>
      </div>
    </div>
    <div>
      <div
        style="display: flex; flex-direction: column; align-items: center; justify-content: center; border: 1px solid white;"
      >
        <h1
          data-testid="count display"
        >
          Count: 
          0
        </h1>
        <div
          style="display: flex;"
        >
          <button>
            Increment Count
          </button>
          <button>
            Decrement Count
          </button>
        </div>
      </div>
      <div
        style="display: flex; flex-direction: column; align-items: center; justify-content: center; border: 1px solid white;"
      >
        <h1
          data-testid="count2 display"
        >
          Count2: 
          0
        </h1>
        <div
          style="display: flex;"
        >
          <button>
            Increment Count2
          </button>
          <button>
            Decrement Count2
          </button>
        </div>
      </div>
    </div>
  </body>,
  "container": <div>
    <div
      style="display: flex; flex-direction: column; align-items: center; justify-content: center; border: 1px solid white;"
    >
      <h1
        data-testid="count display"
      >
        Count: 
        0
      </h1>
      <div
        style="display: flex;"
      >
        <button>
          Increment Count
        </button>
        <button>
          Decrement Count
        </button>
      </div>
    </div>
    <div
      style="display: flex; flex-direction: column; align-items: center; justify-content: center; border: 1px solid white;"
    >
      <h1
        data-testid="count2 display"
      >
        Count2: 
        0
      </h1>
      <div
        style="display: flex;"
      >
        <button>
          Increment Count2
        </button>
        <button>
          Decrement Count2
        </button>
      </div>
    </div>
  </div>,
  "debug": [Function],
  "findAllByAltText": [Function],
  "findAllByDisplayValue": [Function],
  "findAllByLabelText": [Function],
  "findAllByPlaceholderText": [Function],
  "findAllByRole": [Function],
  "findAllByTestId": [Function],
  "findAllByText": [Function],
  "findAllByTitle": [Function],
  "findByAltText": [Function],
  "findByDisplayValue": [Function],
  "findByLabelText": [Function],
  "findByPlaceholderText": [Function],
  "findByRole": [Function],
  "findByTestId": [Function],
  "findByText": [Function],
  "findByTitle": [Function],
  "getAllByAltText": [Function],
  "getAllByDisplayValue": [Function],
  "getAllByLabelText": [Function],
  "getAllByPlaceholderText": [Function],
  "getAllByRole": [Function],
  "getAllByTestId": [Function],
  "getAllByText": [Function],
  "getAllByTitle": [Function],
  "getByAltText": [Function],
  "getByDisplayValue": [Function],
  "getByLabelText": [Function],
  "getByPlaceholderText": [Function],
  "getByRole": [Function],
  "getByTestId": [Function],
  "getByText": [Function],
  "getByTitle": [Function],
  "queryAllByAltText": [Function],
  "queryAllByDisplayValue": [Function],
  "queryAllByLabelText": [Function],
  "queryAllByPlaceholderText": [Function],
  "queryAllByRole": [Function],
  "queryAllByTestId": [Function],
  "queryAllByText": [Function],
  "queryAllByTitle": [Function],
  "queryByAltText": [Function],
  "queryByDisplayValue": [Function],
  "queryByLabelText": [Function],
  "queryByPlaceholderText": [Function],
  "queryByRole": [Function],
  "queryByTestId": [Function],
  "queryByText": [Function],
  "queryByTitle": [Function],
  "rerender": [Function],
  "unmount": [Function],
}
`;

exports[`App > Renders correctly 1`] = `
{
  "asFragment": [Function],
  "baseElement": <body>
    <div>
      <div
        style="display: flex; flex-direction: column; align-items: center; justify-content: center; border: 1px solid white;"
      >
        <h1
          data-testid="count display"
        >
          Count: 
          0
        </h1>
        <div
          style="display: flex;"
        >
          <button>
            Increment Count
          </button>
          <button>
            Decrement Count
          </button>
        </div>
      </div>
      <div
        style="display: flex; flex-direction: column; align-items: center; justify-content: center; border: 1px solid white;"
      >
        <h1
          data-testid="count2 display"
        >
          Count2: 
          0
        </h1>
        <div
          style="display: flex;"
        >
          <button>
            Increment Count2
          </button>
          <button>
            Decrement Count2
          </button>
        </div>
      </div>
    </div>
    <div>
      <div
        style="display: flex; flex-direction: column; align-items: center; justify-content: center; border: 1px solid white;"
      >
        <h1
          data-testid="count display"
        >
          Count: 
          0
        </h1>
        <div
          style="display: flex;"
        >
          <button>
            Increment Count
          </button>
          <button>
            Decrement Count
          </button>
        </div>
      </div>
      <div
        style="display: flex; flex-direction: column; align-items: center; justify-content: center; border: 1px solid white;"
      >
        <h1
          data-testid="count2 display"
        >
          Count2: 
          0
        </h1>
        <div
          style="display: flex;"
        >
          <button>
            Increment Count2
          </button>
          <button>
            Decrement Count2
          </button>
        </div>
      </div>
    </div>
  </body>,
  "container": <div>
    <div
      style="display: flex; flex-direction: column; align-items: center; justify-content: center; border: 1px solid white;"
    >
      <h1
        data-testid="count display"
      >
        Count: 
        0
      </h1>
      <div
        style="display: flex;"
      >
        <button>
          Increment Count
        </button>
        <button>
          Decrement Count
        </button>
      </div>
    </div>
    <div
      style="display: flex; flex-direction: column; align-items: center; justify-content: center; border: 1px solid white;"
    >
      <h1
        data-testid="count2 display"
      >
        Count2: 
        0
      </h1>
      <div
        style="display: flex;"
      >
        <button>
          Increment Count2
        </button>
        <button>
          Decrement Count2
        </button>
      </div>
    </div>
  </div>,
  "debug": [Function],
  "findAllByAltText": [Function],
  "findAllByDisplayValue": [Function],
  "findAllByLabelText": [Function],
  "findAllByPlaceholderText": [Function],
  "findAllByRole": [Function],
  "findAllByTestId": [Function],
  "findAllByText": [Function],
  "findAllByTitle": [Function],
  "findByAltText": [Function],
  "findByDisplayValue": [Function],
  "findByLabelText": [Function],
  "findByPlaceholderText": [Function],
  "findByRole": [Function],
  "findByTestId": [Function],
  "findByText": [Function],
  "findByTitle": [Function],
  "getAllByAltText": [Function],
  "getAllByDisplayValue": [Function],
  "getAllByLabelText": [Function],
  "getAllByPlaceholderText": [Function],
  "getAllByRole": [Function],
  "getAllByTestId": [Function],
  "getAllByText": [Function],
  "getAllByTitle": [Function],
  "getByAltText": [Function],
  "getByDisplayValue": [Function],
  "getByLabelText": [Function],
  "getByPlaceholderText": [Function],
  "getByRole": [Function],
  "getByTestId": [Function],
  "getByText": [Function],
  "getByTitle": [Function],
  "queryAllByAltText": [Function],
  "queryAllByDisplayValue": [Function],
  "queryAllByLabelText": [Function],
  "queryAllByPlaceholderText": [Function],
  "queryAllByRole": [Function],
  "queryAllByTestId": [Function],
  "queryAllByText": [Function],
  "queryAllByTitle": [Function],
  "queryByAltText": [Function],
  "queryByDisplayValue": [Function],
  "queryByLabelText": [Function],
  "queryByPlaceholderText": [Function],
  "queryByRole": [Function],
  "queryByTestId": [Function],
  "queryByText": [Function],
  "queryByTitle": [Function],
  "rerender": [Function],
  "unmount": [Function],
}
`;

exports[`App > Snapshot 1`] = `
{
  "asFragment": [Function],
  "baseElement": <body>
    <div>
      <div
        style="display: flex; flex-direction: column; align-items: center; justify-content: center; border: 1px solid white;"
      >
        <h1
          data-testid="count display"
        >
          Count: 
          0
        </h1>
        <div
          style="display: flex;"
        >
          <button>
            Increment Count
          </button>
          <button>
            Decrement Count
          </button>
        </div>
      </div>
      <div
        style="display: flex; flex-direction: column; align-items: center; justify-content: center; border: 1px solid white;"
      >
        <h1
          data-testid="count2 display"
        >
          Count2: 
          0
        </h1>
        <div
          style="display: flex;"
        >
          <button>
            Increment Count2
          </button>
          <button>
            Decrement Count2
          </button>
        </div>
      </div>
    </div>
    <div>
      <div
        style="display: flex; flex-direction: column; align-items: center; justify-content: center; border: 1px solid white;"
      >
        <h1
          data-testid="count display"
        >
          Count: 
          0
        </h1>
        <div
          style="display: flex;"
        >
          <button>
            Increment Count
          </button>
          <button>
            Decrement Count
          </button>
        </div>
      </div>
      <div
        style="display: flex; flex-direction: column; align-items: center; justify-content: center; border: 1px solid white;"
      >
        <h1
          data-testid="count2 display"
        >
          Count2: 
          0
        </h1>
        <div
          style="display: flex;"
        >
          <button>
            Increment Count2
          </button>
          <button>
            Decrement Count2
          </button>
        </div>
      </div>
    </div>
  </body>,
  "container": <div>
    <div
      style="display: flex; flex-direction: column; align-items: center; justify-content: center; border: 1px solid white;"
    >
      <h1
        data-testid="count display"
      >
        Count: 
        0
      </h1>
      <div
        style="display: flex;"
      >
        <button>
          Increment Count
        </button>
        <button>
          Decrement Count
        </button>
      </div>
    </div>
    <div
      style="display: flex; flex-direction: column; align-items: center; justify-content: center; border: 1px solid white;"
    >
      <h1
        data-testid="count2 display"
      >
        Count2: 
        0
      </h1>
      <div
        style="display: flex;"
      >
        <button>
          Increment Count2
        </button>
        <button>
          Decrement Count2
        </button>
      </div>
    </div>
  </div>,
  "debug": [Function],
  "findAllByAltText": [Function],
  "findAllByDisplayValue": [Function],
  "findAllByLabelText": [Function],
  "findAllByPlaceholderText": [Function],
  "findAllByRole": [Function],
  "findAllByTestId": [Function],
  "findAllByText": [Function],
  "findAllByTitle": [Function],
  "findByAltText": [Function],
  "findByDisplayValue": [Function],
  "findByLabelText": [Function],
  "findByPlaceholderText": [Function],
  "findByRole": [Function],
  "findByTestId": [Function],
  "findByText": [Function],
  "findByTitle": [Function],
  "getAllByAltText": [Function],
  "getAllByDisplayValue": [Function],
  "getAllByLabelText": [Function],
  "getAllByPlaceholderText": [Function],
  "getAllByRole": [Function],
  "getAllByTestId": [Function],
  "getAllByText": [Function],
  "getAllByTitle": [Function],
  "getByAltText": [Function],
  "getByDisplayValue": [Function],
  "getByLabelText": [Function],
  "getByPlaceholderText": [Function],
  "getByRole": [Function],
  "getByTestId": [Function],
  "getByText": [Function],
  "getByTitle": [Function],
  "queryAllByAltText": [Function],
  "queryAllByDisplayValue": [Function],
  "queryAllByLabelText": [Function],
  "queryAllByPlaceholderText": [Function],
  "queryAllByRole": [Function],
  "queryAllByTestId": [Function],
  "queryAllByText": [Function],
  "queryAllByTitle": [Function],
  "queryByAltText": [Function],
  "queryByDisplayValue": [Function],
  "queryByLabelText": [Function],
  "queryByPlaceholderText": [Function],
  "queryByRole": [Function],
  "queryByTestId": [Function],
  "queryByText": [Function],
  "queryByTitle": [Function],
  "rerender": [Function],
  "unmount": [Function],
}
`;
